// Vitest Snapshot v1, https://vitest.dev/guide/snapshot.html

exports[`OverviewTabButton renders default 1`] = `

<gui-tabs-trigger
  variant="ghost"
  value="overview"
  classname="w-fit px-2"
>
  Overview
</gui-tabs-trigger>

`;

exports[`OverviewTabContent renders default 1`] = `

<gui-tabs-content
  value="overview"
  classname="divide-x-none group flex grid-cols-12 flex-col divide-muted xl:grid xl:divide-x-[1px] [&amp;>aside]:border-b-[1px] xl:[&amp;>aside]:border-b-[0px]"
  style="opacity: 0; filter: blur(2px);"
>
  <div class="order-2 flex flex-col gap-4 xl:order-1 xl:col-span-12 xl:group-[&amp;:has(aside)]:col-span-8">
    <div class="flex h-64 w-full items-center justify-center px-6 py-4">
      <div class="flex flex-col items-center justify-center gap-3 text-center">
        <div class="relative flex size-32 items-center justify-center rounded-full bg-secondary/60">
          <gui-rectangle-horizontal-icon
            classname="absolute z-[2] mt-3 size-9 -translate-x-4 -rotate-[calc(90deg+30deg)] fill-secondary text-muted-foreground/50"
            strokewidth="1.25"
          >
          </gui-rectangle-horizontal-icon>
          <gui-file-text-icon
            classname="absolute z-[3] size-14 fill-secondary text-neutral-500"
            strokewidth="1"
          >
          </gui-file-text-icon>
          <gui-rectangle-horizontal-icon
            classname="absolute z-[2] mt-3 size-9 translate-x-4 rotate-[calc(90deg+30deg)] fill-secondary text-muted-foreground/50"
            strokewidth="1.25"
          >
          </gui-rectangle-horizontal-icon>
        </div>
        <p class="w-2/3 text-pretty text-sm text-muted-foreground">
          We couldn't find a description for this project.
        </p>
      </div>
    </div>
    <gui-contributor-list>
    </gui-contributor-list>
  </div>
</gui-tabs-content>

`;

exports[`OverviewTabContent renders with an aside and content 1`] = `

<gui-tabs-content
  value="overview"
  classname="divide-x-none group flex grid-cols-12 flex-col divide-muted xl:grid xl:divide-x-[1px] [&amp;>aside]:border-b-[1px] xl:[&amp;>aside]:border-b-[0px]"
  style="opacity: 0; filter: blur(2px);"
>
  <div class="order-2 flex flex-col gap-4 xl:order-1 xl:col-span-12 xl:group-[&amp;:has(aside)]:col-span-8">
    <div class="flex h-64 w-full items-center justify-center px-6 py-4">
      <div class="flex flex-col items-center justify-center gap-3 text-center">
        <div class="relative flex size-32 items-center justify-center rounded-full bg-secondary/60">
          <gui-rectangle-horizontal-icon
            classname="absolute z-[2] mt-3 size-9 -translate-x-4 -rotate-[calc(90deg+30deg)] fill-secondary text-muted-foreground/50"
            strokewidth="1.25"
          >
          </gui-rectangle-horizontal-icon>
          <gui-file-text-icon
            classname="absolute z-[3] size-14 fill-secondary text-neutral-500"
            strokewidth="1"
          >
          </gui-file-text-icon>
          <gui-rectangle-horizontal-icon
            classname="absolute z-[2] mt-3 size-9 translate-x-4 rotate-[calc(90deg+30deg)] fill-secondary text-muted-foreground/50"
            strokewidth="1.25"
          >
          </gui-rectangle-horizontal-icon>
        </div>
        <p class="w-2/3 text-pretty text-sm text-muted-foreground">
          We couldn't find a description for this project.
        </p>
      </div>
    </div>
    <gui-contributor-list>
    </gui-contributor-list>
  </div>
</gui-tabs-content>

`;

exports[`OverviewTabContent renders with content 1`] = `

<gui-tabs-content
  value="overview"
  classname="divide-x-none group flex grid-cols-12 flex-col divide-muted xl:grid xl:divide-x-[1px] [&amp;>aside]:border-b-[1px] xl:[&amp;>aside]:border-b-[0px]"
  style="opacity: 0; filter: blur(2px);"
>
  <div class="order-2 flex flex-col gap-4 xl:order-1 xl:col-span-12 xl:group-[&amp;:has(aside)]:col-span-8">
    <div class="flex flex-col gap-2 px-6 py-4">
      <h4 class="text-sm font-medium capitalize text-muted-foreground">
        description
      </h4>
      <div class="prose-sm prose-neutral max-w-none text-sm">
        <gui-markdown>
          ## Description

This is a custom description
        </gui-markdown>
      </div>
    </div>
    <gui-contributor-list>
    </gui-contributor-list>
    <div class="mt-auto flex flex-col justify-end gap-2 px-6 py-4">
      <h4 class="text-sm font-medium capitalize text-muted-foreground">
        keywords
      </h4>
      <div class="flex flex-wrap gap-2">
        <gui-data-badge
          classnames="[object Object]"
          content="testing"
        >
        </gui-data-badge>
        <gui-data-badge
          classnames="[object Object]"
          content="vitest"
        >
        </gui-data-badge>
      </div>
    </div>
  </div>
</gui-tabs-content>

`;
