// Vitest Snapshot v1, https://vitest.dev/guide/snapshot.html

exports[`AsideBugs renders nothing when bugs is empty 1`] = `


`;

exports[`AsideBugs renders with bugs data 1`] = `

<gui-aside-section>
  <gui-aside-header>
    Bug reports
  </gui-aside-header>
  <gui-aside-item
    type="url"
    href="https://www.acme.com/bugs1"
  >
    https://www.acme.com/bugs1
  </gui-aside-item>
  <gui-aside-item
    type="url"
    href="https://www.acme.com/bugs2"
  >
    https://www.acme.com/bugs2
  </gui-aside-item>
</gui-aside-section>

`;
