// Vitest Snapshot v1, https://vitest.dev/guide/snapshot.html

exports[`AppSidebar renders with the correct structure 1`] = `

<gui-sidebar
  classname="relative flex h-full grow"
  collapsible="icon"
  variant="inset"
>
  <gui-sidebar-content>
    <gui-sidebar-main-nav>
    </gui-sidebar-main-nav>
    <gui-sidebar-settings-nav>
    </gui-sidebar-settings-nav>
    <gui-sidebar-query-nav>
    </gui-sidebar-query-nav>
  </gui-sidebar-content>
  <gui-sidebar-footer classname="mb-[0.875px]">
    <gui-sidebar-menu>
      <gui-sidebar-menu-link items="[object Object],[object Object]">
      </gui-sidebar-menu-link>
      <gui-sidebar-theme-switcher>
      </gui-sidebar-theme-switcher>
      <gui-sidebar-toggle>
      </gui-sidebar-toggle>
    </gui-sidebar-menu>
  </gui-sidebar-footer>
  <gui-sidebar-rail>
  </gui-sidebar-rail>
</gui-sidebar>

`;
