// Vitest Snapshot v1, https://vitest.dev/guide/snapshot.html

exports[`SidebarSettingsNav does not render on other routes 1`] = `


`;

exports[`SidebarSettingsNav renders on "/settings" route 1`] = `

<gui-sidebar-group>
  <gui-sidebar-menu>
    <gui-sidebar-menu-link items="[object Object]">
    </gui-sidebar-menu-link>
    <gui-sidebar-menu-link items="[object Object]">
    </gui-sidebar-menu-link>
  </gui-sidebar-menu>
</gui-sidebar-group>

`;
